Phase 1's PR is green and ready: https://example.com/pr/7 - all 7 checks pass with zero red => completion
supervision-hardening audit is in with one approvable recommendation        => completion
PR is green                                                                 => completion
PR #42 is green and ready to merge                                          => completion
PR ready                                                                    => completion
all 7 checks pass                                                           => completion
checks are green                                                            => completion
checks passed                                                               => completion
the audit is in                                                             => completion
the investigation came back in                                              => completion
the report is ready                                                         => completion
the report is back with a recommendation                                    => completion
the parser is built and tested                                              => completion
the fix landed on main                                                      => completion
the ship needs your word on the transport                                   => decision
heartbeat: all quiet, nothing to report                                     => routine
the review is in the details                                                => routine
PR is not green yet                                                         => routine
the report has no recommendation                                            => routine
the retro mentions a failure mode                                           => blocker
task failed checks                                                          => blocker
